I'm sorry, but errors were detected in your script. Please correct the
errors listed below, and try again.


File "game/script.rpy", line 125: expected statement.
    end:
       ^

Ren'Py Version: Ren'Py 7.3.5.606
Wed Apr 22 23:56:21 2020
